ARM GAS  C:\Users\barto\AppData\Local\Temp\cchCULLf.s 			page 1


   1              		.syntax unified
   2              		.cpu cortex-m3
   3              		.fpu softvfp
   4              		.eabi_attribute 20, 1
   5              		.eabi_attribute 21, 1
   6              		.eabi_attribute 23, 3
   7              		.eabi_attribute 24, 1
   8              		.eabi_attribute 25, 1
   9              		.eabi_attribute 26, 1
  10              		.eabi_attribute 30, 6
  11              		.eabi_attribute 34, 1
  12              		.eabi_attribute 18, 4
  13              		.thumb
  14              		.syntax unified
  15              		.file	"Control_Step_Enable_PM.c"
  16              		.text
  17              	.Ltext0:
  18              		.cfi_sections	.debug_frame
  19              		.bss
  20              		.align	2
  21              	Control_Step_Enable_backup:
  22 0000 00       		.space	1
  23              		.section	.text.Control_Step_Enable_SaveConfig,"ax",%progbits
  24              		.align	2
  25              		.global	Control_Step_Enable_SaveConfig
  26              		.thumb
  27              		.thumb_func
  28              		.type	Control_Step_Enable_SaveConfig, %function
  29              	Control_Step_Enable_SaveConfig:
  30              	.LFB0:
  31              		.file 1 "Generated_Source\\PSoC5\\Control_Step_Enable_PM.c"
   1:Generated_Source\PSoC5/Control_Step_Enable_PM.c **** /*******************************************************************************
   2:Generated_Source\PSoC5/Control_Step_Enable_PM.c **** * File Name: Control_Step_Enable_PM.c
   3:Generated_Source\PSoC5/Control_Step_Enable_PM.c **** * Version 1.80
   4:Generated_Source\PSoC5/Control_Step_Enable_PM.c **** *
   5:Generated_Source\PSoC5/Control_Step_Enable_PM.c **** * Description:
   6:Generated_Source\PSoC5/Control_Step_Enable_PM.c **** *  This file contains the setup, control, and status commands to support 
   7:Generated_Source\PSoC5/Control_Step_Enable_PM.c **** *  the component operation in the low power mode. 
   8:Generated_Source\PSoC5/Control_Step_Enable_PM.c **** *
   9:Generated_Source\PSoC5/Control_Step_Enable_PM.c **** * Note:
  10:Generated_Source\PSoC5/Control_Step_Enable_PM.c **** *
  11:Generated_Source\PSoC5/Control_Step_Enable_PM.c **** ********************************************************************************
  12:Generated_Source\PSoC5/Control_Step_Enable_PM.c **** * Copyright 2015, Cypress Semiconductor Corporation.  All rights reserved.
  13:Generated_Source\PSoC5/Control_Step_Enable_PM.c **** * You may use this file only in accordance with the license, terms, conditions, 
  14:Generated_Source\PSoC5/Control_Step_Enable_PM.c **** * disclaimers, and limitations in the end user license agreement accompanying 
  15:Generated_Source\PSoC5/Control_Step_Enable_PM.c **** * the software package with which this file was provided.
  16:Generated_Source\PSoC5/Control_Step_Enable_PM.c **** *******************************************************************************/
  17:Generated_Source\PSoC5/Control_Step_Enable_PM.c **** 
  18:Generated_Source\PSoC5/Control_Step_Enable_PM.c **** #include "Control_Step_Enable.h"
  19:Generated_Source\PSoC5/Control_Step_Enable_PM.c **** 
  20:Generated_Source\PSoC5/Control_Step_Enable_PM.c **** /* Check for removal by optimization */
  21:Generated_Source\PSoC5/Control_Step_Enable_PM.c **** #if !defined(Control_Step_Enable_Sync_ctrl_reg__REMOVED)
  22:Generated_Source\PSoC5/Control_Step_Enable_PM.c **** 
  23:Generated_Source\PSoC5/Control_Step_Enable_PM.c **** static Control_Step_Enable_BACKUP_STRUCT  Control_Step_Enable_backup = {0u};
  24:Generated_Source\PSoC5/Control_Step_Enable_PM.c **** 
  25:Generated_Source\PSoC5/Control_Step_Enable_PM.c ****     
  26:Generated_Source\PSoC5/Control_Step_Enable_PM.c **** /*******************************************************************************
ARM GAS  C:\Users\barto\AppData\Local\Temp\cchCULLf.s 			page 2


  27:Generated_Source\PSoC5/Control_Step_Enable_PM.c **** * Function Name: Control_Step_Enable_SaveConfig
  28:Generated_Source\PSoC5/Control_Step_Enable_PM.c **** ********************************************************************************
  29:Generated_Source\PSoC5/Control_Step_Enable_PM.c **** *
  30:Generated_Source\PSoC5/Control_Step_Enable_PM.c **** * Summary:
  31:Generated_Source\PSoC5/Control_Step_Enable_PM.c **** *  Saves the control register value.
  32:Generated_Source\PSoC5/Control_Step_Enable_PM.c **** *
  33:Generated_Source\PSoC5/Control_Step_Enable_PM.c **** * Parameters:
  34:Generated_Source\PSoC5/Control_Step_Enable_PM.c **** *  None
  35:Generated_Source\PSoC5/Control_Step_Enable_PM.c **** *
  36:Generated_Source\PSoC5/Control_Step_Enable_PM.c **** * Return:
  37:Generated_Source\PSoC5/Control_Step_Enable_PM.c **** *  None
  38:Generated_Source\PSoC5/Control_Step_Enable_PM.c **** *
  39:Generated_Source\PSoC5/Control_Step_Enable_PM.c **** *******************************************************************************/
  40:Generated_Source\PSoC5/Control_Step_Enable_PM.c **** void Control_Step_Enable_SaveConfig(void) 
  41:Generated_Source\PSoC5/Control_Step_Enable_PM.c **** {
  32              		.loc 1 41 0
  33              		.cfi_startproc
  34              		@ args = 0, pretend = 0, frame = 0
  35              		@ frame_needed = 1, uses_anonymous_args = 0
  36              		@ link register save eliminated.
  37 0000 80B4     		push	{r7}
  38              		.cfi_def_cfa_offset 4
  39              		.cfi_offset 7, -4
  40 0002 00AF     		add	r7, sp, #0
  41              		.cfi_def_cfa_register 7
  42:Generated_Source\PSoC5/Control_Step_Enable_PM.c ****     Control_Step_Enable_backup.controlState = Control_Step_Enable_Control;
  42              		.loc 1 42 0
  43 0004 044B     		ldr	r3, .L2
  44 0006 1B78     		ldrb	r3, [r3]
  45 0008 DAB2     		uxtb	r2, r3
  46 000a 044B     		ldr	r3, .L2+4
  47 000c 1A70     		strb	r2, [r3]
  43:Generated_Source\PSoC5/Control_Step_Enable_PM.c **** }
  48              		.loc 1 43 0
  49 000e 00BF     		nop
  50 0010 BD46     		mov	sp, r7
  51              		.cfi_def_cfa_register 13
  52              		@ sp needed
  53 0012 80BC     		pop	{r7}
  54              		.cfi_restore 7
  55              		.cfi_def_cfa_offset 0
  56 0014 7047     		bx	lr
  57              	.L3:
  58 0016 00BF     		.align	2
  59              	.L2:
  60 0018 76640040 		.word	1073767542
  61 001c 00000000 		.word	Control_Step_Enable_backup
  62              		.cfi_endproc
  63              	.LFE0:
  64              		.size	Control_Step_Enable_SaveConfig, .-Control_Step_Enable_SaveConfig
  65              		.section	.text.Control_Step_Enable_RestoreConfig,"ax",%progbits
  66              		.align	2
  67              		.global	Control_Step_Enable_RestoreConfig
  68              		.thumb
  69              		.thumb_func
  70              		.type	Control_Step_Enable_RestoreConfig, %function
  71              	Control_Step_Enable_RestoreConfig:
ARM GAS  C:\Users\barto\AppData\Local\Temp\cchCULLf.s 			page 3


  72              	.LFB1:
  44:Generated_Source\PSoC5/Control_Step_Enable_PM.c **** 
  45:Generated_Source\PSoC5/Control_Step_Enable_PM.c **** 
  46:Generated_Source\PSoC5/Control_Step_Enable_PM.c **** /*******************************************************************************
  47:Generated_Source\PSoC5/Control_Step_Enable_PM.c **** * Function Name: Control_Step_Enable_RestoreConfig
  48:Generated_Source\PSoC5/Control_Step_Enable_PM.c **** ********************************************************************************
  49:Generated_Source\PSoC5/Control_Step_Enable_PM.c **** *
  50:Generated_Source\PSoC5/Control_Step_Enable_PM.c **** * Summary:
  51:Generated_Source\PSoC5/Control_Step_Enable_PM.c **** *  Restores the control register value.
  52:Generated_Source\PSoC5/Control_Step_Enable_PM.c **** *
  53:Generated_Source\PSoC5/Control_Step_Enable_PM.c **** * Parameters:
  54:Generated_Source\PSoC5/Control_Step_Enable_PM.c **** *  None
  55:Generated_Source\PSoC5/Control_Step_Enable_PM.c **** *
  56:Generated_Source\PSoC5/Control_Step_Enable_PM.c **** * Return:
  57:Generated_Source\PSoC5/Control_Step_Enable_PM.c **** *  None
  58:Generated_Source\PSoC5/Control_Step_Enable_PM.c **** *
  59:Generated_Source\PSoC5/Control_Step_Enable_PM.c **** *
  60:Generated_Source\PSoC5/Control_Step_Enable_PM.c **** *******************************************************************************/
  61:Generated_Source\PSoC5/Control_Step_Enable_PM.c **** void Control_Step_Enable_RestoreConfig(void) 
  62:Generated_Source\PSoC5/Control_Step_Enable_PM.c **** {
  73              		.loc 1 62 0
  74              		.cfi_startproc
  75              		@ args = 0, pretend = 0, frame = 0
  76              		@ frame_needed = 1, uses_anonymous_args = 0
  77              		@ link register save eliminated.
  78 0000 80B4     		push	{r7}
  79              		.cfi_def_cfa_offset 4
  80              		.cfi_offset 7, -4
  81 0002 00AF     		add	r7, sp, #0
  82              		.cfi_def_cfa_register 7
  63:Generated_Source\PSoC5/Control_Step_Enable_PM.c ****      Control_Step_Enable_Control = Control_Step_Enable_backup.controlState;
  83              		.loc 1 63 0
  84 0004 034B     		ldr	r3, .L5
  85 0006 044A     		ldr	r2, .L5+4
  86 0008 1278     		ldrb	r2, [r2]	@ zero_extendqisi2
  87 000a 1A70     		strb	r2, [r3]
  64:Generated_Source\PSoC5/Control_Step_Enable_PM.c **** }
  88              		.loc 1 64 0
  89 000c 00BF     		nop
  90 000e BD46     		mov	sp, r7
  91              		.cfi_def_cfa_register 13
  92              		@ sp needed
  93 0010 80BC     		pop	{r7}
  94              		.cfi_restore 7
  95              		.cfi_def_cfa_offset 0
  96 0012 7047     		bx	lr
  97              	.L6:
  98              		.align	2
  99              	.L5:
 100 0014 76640040 		.word	1073767542
 101 0018 00000000 		.word	Control_Step_Enable_backup
 102              		.cfi_endproc
 103              	.LFE1:
 104              		.size	Control_Step_Enable_RestoreConfig, .-Control_Step_Enable_RestoreConfig
 105              		.section	.text.Control_Step_Enable_Sleep,"ax",%progbits
 106              		.align	2
 107              		.global	Control_Step_Enable_Sleep
ARM GAS  C:\Users\barto\AppData\Local\Temp\cchCULLf.s 			page 4


 108              		.thumb
 109              		.thumb_func
 110              		.type	Control_Step_Enable_Sleep, %function
 111              	Control_Step_Enable_Sleep:
 112              	.LFB2:
  65:Generated_Source\PSoC5/Control_Step_Enable_PM.c **** 
  66:Generated_Source\PSoC5/Control_Step_Enable_PM.c **** 
  67:Generated_Source\PSoC5/Control_Step_Enable_PM.c **** /*******************************************************************************
  68:Generated_Source\PSoC5/Control_Step_Enable_PM.c **** * Function Name: Control_Step_Enable_Sleep
  69:Generated_Source\PSoC5/Control_Step_Enable_PM.c **** ********************************************************************************
  70:Generated_Source\PSoC5/Control_Step_Enable_PM.c **** *
  71:Generated_Source\PSoC5/Control_Step_Enable_PM.c **** * Summary:
  72:Generated_Source\PSoC5/Control_Step_Enable_PM.c **** *  Prepares the component for entering the low power mode.
  73:Generated_Source\PSoC5/Control_Step_Enable_PM.c **** *
  74:Generated_Source\PSoC5/Control_Step_Enable_PM.c **** * Parameters:
  75:Generated_Source\PSoC5/Control_Step_Enable_PM.c **** *  None
  76:Generated_Source\PSoC5/Control_Step_Enable_PM.c **** *
  77:Generated_Source\PSoC5/Control_Step_Enable_PM.c **** * Return:
  78:Generated_Source\PSoC5/Control_Step_Enable_PM.c **** *  None
  79:Generated_Source\PSoC5/Control_Step_Enable_PM.c **** *
  80:Generated_Source\PSoC5/Control_Step_Enable_PM.c **** *******************************************************************************/
  81:Generated_Source\PSoC5/Control_Step_Enable_PM.c **** void Control_Step_Enable_Sleep(void) 
  82:Generated_Source\PSoC5/Control_Step_Enable_PM.c **** {
 113              		.loc 1 82 0
 114              		.cfi_startproc
 115              		@ args = 0, pretend = 0, frame = 0
 116              		@ frame_needed = 1, uses_anonymous_args = 0
 117 0000 80B5     		push	{r7, lr}
 118              		.cfi_def_cfa_offset 8
 119              		.cfi_offset 7, -8
 120              		.cfi_offset 14, -4
 121 0002 00AF     		add	r7, sp, #0
 122              		.cfi_def_cfa_register 7
  83:Generated_Source\PSoC5/Control_Step_Enable_PM.c ****     Control_Step_Enable_SaveConfig();
 123              		.loc 1 83 0
 124 0004 FFF7FEFF 		bl	Control_Step_Enable_SaveConfig
  84:Generated_Source\PSoC5/Control_Step_Enable_PM.c **** }
 125              		.loc 1 84 0
 126 0008 00BF     		nop
 127 000a 80BD     		pop	{r7, pc}
 128              		.cfi_endproc
 129              	.LFE2:
 130              		.size	Control_Step_Enable_Sleep, .-Control_Step_Enable_Sleep
 131              		.section	.text.Control_Step_Enable_Wakeup,"ax",%progbits
 132              		.align	2
 133              		.global	Control_Step_Enable_Wakeup
 134              		.thumb
 135              		.thumb_func
 136              		.type	Control_Step_Enable_Wakeup, %function
 137              	Control_Step_Enable_Wakeup:
 138              	.LFB3:
  85:Generated_Source\PSoC5/Control_Step_Enable_PM.c **** 
  86:Generated_Source\PSoC5/Control_Step_Enable_PM.c **** 
  87:Generated_Source\PSoC5/Control_Step_Enable_PM.c **** /*******************************************************************************
  88:Generated_Source\PSoC5/Control_Step_Enable_PM.c **** * Function Name: Control_Step_Enable_Wakeup
  89:Generated_Source\PSoC5/Control_Step_Enable_PM.c **** ********************************************************************************
  90:Generated_Source\PSoC5/Control_Step_Enable_PM.c **** *
ARM GAS  C:\Users\barto\AppData\Local\Temp\cchCULLf.s 			page 5


  91:Generated_Source\PSoC5/Control_Step_Enable_PM.c **** * Summary:
  92:Generated_Source\PSoC5/Control_Step_Enable_PM.c **** *  Restores the component after waking up from the low power mode.
  93:Generated_Source\PSoC5/Control_Step_Enable_PM.c **** *
  94:Generated_Source\PSoC5/Control_Step_Enable_PM.c **** * Parameters:
  95:Generated_Source\PSoC5/Control_Step_Enable_PM.c **** *  None
  96:Generated_Source\PSoC5/Control_Step_Enable_PM.c **** *
  97:Generated_Source\PSoC5/Control_Step_Enable_PM.c **** * Return:
  98:Generated_Source\PSoC5/Control_Step_Enable_PM.c **** *  None
  99:Generated_Source\PSoC5/Control_Step_Enable_PM.c **** *
 100:Generated_Source\PSoC5/Control_Step_Enable_PM.c **** *******************************************************************************/
 101:Generated_Source\PSoC5/Control_Step_Enable_PM.c **** void Control_Step_Enable_Wakeup(void)  
 102:Generated_Source\PSoC5/Control_Step_Enable_PM.c **** {
 139              		.loc 1 102 0
 140              		.cfi_startproc
 141              		@ args = 0, pretend = 0, frame = 0
 142              		@ frame_needed = 1, uses_anonymous_args = 0
 143 0000 80B5     		push	{r7, lr}
 144              		.cfi_def_cfa_offset 8
 145              		.cfi_offset 7, -8
 146              		.cfi_offset 14, -4
 147 0002 00AF     		add	r7, sp, #0
 148              		.cfi_def_cfa_register 7
 103:Generated_Source\PSoC5/Control_Step_Enable_PM.c ****     Control_Step_Enable_RestoreConfig();
 149              		.loc 1 103 0
 150 0004 FFF7FEFF 		bl	Control_Step_Enable_RestoreConfig
 104:Generated_Source\PSoC5/Control_Step_Enable_PM.c **** }
 151              		.loc 1 104 0
 152 0008 00BF     		nop
 153 000a 80BD     		pop	{r7, pc}
 154              		.cfi_endproc
 155              	.LFE3:
 156              		.size	Control_Step_Enable_Wakeup, .-Control_Step_Enable_Wakeup
 157              		.text
 158              	.Letext0:
 159              		.file 2 "Generated_Source\\PSoC5\\cytypes.h"
 160              		.file 3 "Generated_Source\\PSoC5\\Control_Step_Enable.h"
 161              		.section	.debug_info,"",%progbits
 162              	.Ldebug_info0:
 163 0000 0F010000 		.4byte	0x10f
 164 0004 0400     		.2byte	0x4
 165 0006 00000000 		.4byte	.Ldebug_abbrev0
 166 000a 04       		.byte	0x4
 167 000b 01       		.uleb128 0x1
 168 000c 00000000 		.4byte	.LASF19
 169 0010 0C       		.byte	0xc
 170 0011 D0010000 		.4byte	.LASF20
 171 0015 67010000 		.4byte	.LASF21
 172 0019 00000000 		.4byte	.Ldebug_ranges0+0
 173 001d 00000000 		.4byte	0
 174 0021 00000000 		.4byte	.Ldebug_line0
 175 0025 02       		.uleb128 0x2
 176 0026 01       		.byte	0x1
 177 0027 06       		.byte	0x6
 178 0028 3B020000 		.4byte	.LASF0
 179 002c 02       		.uleb128 0x2
 180 002d 01       		.byte	0x1
 181 002e 08       		.byte	0x8
ARM GAS  C:\Users\barto\AppData\Local\Temp\cchCULLf.s 			page 6


 182 002f AF000000 		.4byte	.LASF1
 183 0033 02       		.uleb128 0x2
 184 0034 02       		.byte	0x2
 185 0035 05       		.byte	0x5
 186 0036 22020000 		.4byte	.LASF2
 187 003a 02       		.uleb128 0x2
 188 003b 02       		.byte	0x2
 189 003c 07       		.byte	0x7
 190 003d D4000000 		.4byte	.LASF3
 191 0041 02       		.uleb128 0x2
 192 0042 04       		.byte	0x4
 193 0043 05       		.byte	0x5
 194 0044 32020000 		.4byte	.LASF4
 195 0048 02       		.uleb128 0x2
 196 0049 04       		.byte	0x4
 197 004a 07       		.byte	0x7
 198 004b C2000000 		.4byte	.LASF5
 199 004f 02       		.uleb128 0x2
 200 0050 08       		.byte	0x8
 201 0051 05       		.byte	0x5
 202 0052 59010000 		.4byte	.LASF6
 203 0056 02       		.uleb128 0x2
 204 0057 08       		.byte	0x8
 205 0058 07       		.byte	0x7
 206 0059 42010000 		.4byte	.LASF7
 207 005d 03       		.uleb128 0x3
 208 005e 04       		.byte	0x4
 209 005f 05       		.byte	0x5
 210 0060 696E7400 		.ascii	"int\000"
 211 0064 02       		.uleb128 0x2
 212 0065 04       		.byte	0x4
 213 0066 07       		.byte	0x7
 214 0067 16010000 		.4byte	.LASF8
 215 006b 04       		.uleb128 0x4
 216 006c 2C020000 		.4byte	.LASF12
 217 0070 02       		.byte	0x2
 218 0071 9201     		.2byte	0x192
 219 0073 2C000000 		.4byte	0x2c
 220 0077 02       		.uleb128 0x2
 221 0078 04       		.byte	0x4
 222 0079 04       		.byte	0x4
 223 007a 8E000000 		.4byte	.LASF9
 224 007e 02       		.uleb128 0x2
 225 007f 08       		.byte	0x8
 226 0080 04       		.byte	0x4
 227 0081 0F010000 		.4byte	.LASF10
 228 0085 02       		.uleb128 0x2
 229 0086 01       		.byte	0x1
 230 0087 08       		.byte	0x8
 231 0088 A9010000 		.4byte	.LASF11
 232 008c 04       		.uleb128 0x4
 233 008d BD000000 		.4byte	.LASF13
 234 0091 02       		.byte	0x2
 235 0092 3C02     		.2byte	0x23c
 236 0094 98000000 		.4byte	0x98
 237 0098 05       		.uleb128 0x5
 238 0099 6B000000 		.4byte	0x6b
ARM GAS  C:\Users\barto\AppData\Local\Temp\cchCULLf.s 			page 7


 239 009d 06       		.uleb128 0x6
 240 009e 01       		.byte	0x1
 241 009f 03       		.byte	0x3
 242 00a0 24       		.byte	0x24
 243 00a1 B2000000 		.4byte	0xb2
 244 00a5 07       		.uleb128 0x7
 245 00a6 02010000 		.4byte	.LASF22
 246 00aa 03       		.byte	0x3
 247 00ab 26       		.byte	0x26
 248 00ac 6B000000 		.4byte	0x6b
 249 00b0 00       		.byte	0
 250 00b1 00       		.byte	0
 251 00b2 08       		.uleb128 0x8
 252 00b3 AE010000 		.4byte	.LASF14
 253 00b7 03       		.byte	0x3
 254 00b8 28       		.byte	0x28
 255 00b9 9D000000 		.4byte	0x9d
 256 00bd 09       		.uleb128 0x9
 257 00be 23010000 		.4byte	.LASF15
 258 00c2 01       		.byte	0x1
 259 00c3 28       		.byte	0x28
 260 00c4 00000000 		.4byte	.LFB0
 261 00c8 20000000 		.4byte	.LFE0-.LFB0
 262 00cc 01       		.uleb128 0x1
 263 00cd 9C       		.byte	0x9c
 264 00ce 09       		.uleb128 0x9
 265 00cf 00020000 		.4byte	.LASF16
 266 00d3 01       		.byte	0x1
 267 00d4 3D       		.byte	0x3d
 268 00d5 00000000 		.4byte	.LFB1
 269 00d9 1C000000 		.4byte	.LFE1-.LFB1
 270 00dd 01       		.uleb128 0x1
 271 00de 9C       		.byte	0x9c
 272 00df 0A       		.uleb128 0xa
 273 00e0 47020000 		.4byte	.LASF17
 274 00e4 01       		.byte	0x1
 275 00e5 51       		.byte	0x51
 276 00e6 00000000 		.4byte	.LFB2
 277 00ea 0C000000 		.4byte	.LFE2-.LFB2
 278 00ee 01       		.uleb128 0x1
 279 00ef 9C       		.byte	0x9c
 280 00f0 0A       		.uleb128 0xa
 281 00f1 E7000000 		.4byte	.LASF18
 282 00f5 01       		.byte	0x1
 283 00f6 65       		.byte	0x65
 284 00f7 00000000 		.4byte	.LFB3
 285 00fb 0C000000 		.4byte	.LFE3-.LFB3
 286 00ff 01       		.uleb128 0x1
 287 0100 9C       		.byte	0x9c
 288 0101 0B       		.uleb128 0xb
 289 0102 94000000 		.4byte	.LASF23
 290 0106 01       		.byte	0x1
 291 0107 17       		.byte	0x17
 292 0108 B2000000 		.4byte	0xb2
 293 010c 05       		.uleb128 0x5
 294 010d 03       		.byte	0x3
 295 010e 00000000 		.4byte	Control_Step_Enable_backup
ARM GAS  C:\Users\barto\AppData\Local\Temp\cchCULLf.s 			page 8


 296 0112 00       		.byte	0
 297              		.section	.debug_abbrev,"",%progbits
 298              	.Ldebug_abbrev0:
 299 0000 01       		.uleb128 0x1
 300 0001 11       		.uleb128 0x11
 301 0002 01       		.byte	0x1
 302 0003 25       		.uleb128 0x25
 303 0004 0E       		.uleb128 0xe
 304 0005 13       		.uleb128 0x13
 305 0006 0B       		.uleb128 0xb
 306 0007 03       		.uleb128 0x3
 307 0008 0E       		.uleb128 0xe
 308 0009 1B       		.uleb128 0x1b
 309 000a 0E       		.uleb128 0xe
 310 000b 55       		.uleb128 0x55
 311 000c 17       		.uleb128 0x17
 312 000d 11       		.uleb128 0x11
 313 000e 01       		.uleb128 0x1
 314 000f 10       		.uleb128 0x10
 315 0010 17       		.uleb128 0x17
 316 0011 00       		.byte	0
 317 0012 00       		.byte	0
 318 0013 02       		.uleb128 0x2
 319 0014 24       		.uleb128 0x24
 320 0015 00       		.byte	0
 321 0016 0B       		.uleb128 0xb
 322 0017 0B       		.uleb128 0xb
 323 0018 3E       		.uleb128 0x3e
 324 0019 0B       		.uleb128 0xb
 325 001a 03       		.uleb128 0x3
 326 001b 0E       		.uleb128 0xe
 327 001c 00       		.byte	0
 328 001d 00       		.byte	0
 329 001e 03       		.uleb128 0x3
 330 001f 24       		.uleb128 0x24
 331 0020 00       		.byte	0
 332 0021 0B       		.uleb128 0xb
 333 0022 0B       		.uleb128 0xb
 334 0023 3E       		.uleb128 0x3e
 335 0024 0B       		.uleb128 0xb
 336 0025 03       		.uleb128 0x3
 337 0026 08       		.uleb128 0x8
 338 0027 00       		.byte	0
 339 0028 00       		.byte	0
 340 0029 04       		.uleb128 0x4
 341 002a 16       		.uleb128 0x16
 342 002b 00       		.byte	0
 343 002c 03       		.uleb128 0x3
 344 002d 0E       		.uleb128 0xe
 345 002e 3A       		.uleb128 0x3a
 346 002f 0B       		.uleb128 0xb
 347 0030 3B       		.uleb128 0x3b
 348 0031 05       		.uleb128 0x5
 349 0032 49       		.uleb128 0x49
 350 0033 13       		.uleb128 0x13
 351 0034 00       		.byte	0
 352 0035 00       		.byte	0
ARM GAS  C:\Users\barto\AppData\Local\Temp\cchCULLf.s 			page 9


 353 0036 05       		.uleb128 0x5
 354 0037 35       		.uleb128 0x35
 355 0038 00       		.byte	0
 356 0039 49       		.uleb128 0x49
 357 003a 13       		.uleb128 0x13
 358 003b 00       		.byte	0
 359 003c 00       		.byte	0
 360 003d 06       		.uleb128 0x6
 361 003e 13       		.uleb128 0x13
 362 003f 01       		.byte	0x1
 363 0040 0B       		.uleb128 0xb
 364 0041 0B       		.uleb128 0xb
 365 0042 3A       		.uleb128 0x3a
 366 0043 0B       		.uleb128 0xb
 367 0044 3B       		.uleb128 0x3b
 368 0045 0B       		.uleb128 0xb
 369 0046 01       		.uleb128 0x1
 370 0047 13       		.uleb128 0x13
 371 0048 00       		.byte	0
 372 0049 00       		.byte	0
 373 004a 07       		.uleb128 0x7
 374 004b 0D       		.uleb128 0xd
 375 004c 00       		.byte	0
 376 004d 03       		.uleb128 0x3
 377 004e 0E       		.uleb128 0xe
 378 004f 3A       		.uleb128 0x3a
 379 0050 0B       		.uleb128 0xb
 380 0051 3B       		.uleb128 0x3b
 381 0052 0B       		.uleb128 0xb
 382 0053 49       		.uleb128 0x49
 383 0054 13       		.uleb128 0x13
 384 0055 38       		.uleb128 0x38
 385 0056 0B       		.uleb128 0xb
 386 0057 00       		.byte	0
 387 0058 00       		.byte	0
 388 0059 08       		.uleb128 0x8
 389 005a 16       		.uleb128 0x16
 390 005b 00       		.byte	0
 391 005c 03       		.uleb128 0x3
 392 005d 0E       		.uleb128 0xe
 393 005e 3A       		.uleb128 0x3a
 394 005f 0B       		.uleb128 0xb
 395 0060 3B       		.uleb128 0x3b
 396 0061 0B       		.uleb128 0xb
 397 0062 49       		.uleb128 0x49
 398 0063 13       		.uleb128 0x13
 399 0064 00       		.byte	0
 400 0065 00       		.byte	0
 401 0066 09       		.uleb128 0x9
 402 0067 2E       		.uleb128 0x2e
 403 0068 00       		.byte	0
 404 0069 3F       		.uleb128 0x3f
 405 006a 19       		.uleb128 0x19
 406 006b 03       		.uleb128 0x3
 407 006c 0E       		.uleb128 0xe
 408 006d 3A       		.uleb128 0x3a
 409 006e 0B       		.uleb128 0xb
ARM GAS  C:\Users\barto\AppData\Local\Temp\cchCULLf.s 			page 10


 410 006f 3B       		.uleb128 0x3b
 411 0070 0B       		.uleb128 0xb
 412 0071 27       		.uleb128 0x27
 413 0072 19       		.uleb128 0x19
 414 0073 11       		.uleb128 0x11
 415 0074 01       		.uleb128 0x1
 416 0075 12       		.uleb128 0x12
 417 0076 06       		.uleb128 0x6
 418 0077 40       		.uleb128 0x40
 419 0078 18       		.uleb128 0x18
 420 0079 9742     		.uleb128 0x2117
 421 007b 19       		.uleb128 0x19
 422 007c 00       		.byte	0
 423 007d 00       		.byte	0
 424 007e 0A       		.uleb128 0xa
 425 007f 2E       		.uleb128 0x2e
 426 0080 00       		.byte	0
 427 0081 3F       		.uleb128 0x3f
 428 0082 19       		.uleb128 0x19
 429 0083 03       		.uleb128 0x3
 430 0084 0E       		.uleb128 0xe
 431 0085 3A       		.uleb128 0x3a
 432 0086 0B       		.uleb128 0xb
 433 0087 3B       		.uleb128 0x3b
 434 0088 0B       		.uleb128 0xb
 435 0089 27       		.uleb128 0x27
 436 008a 19       		.uleb128 0x19
 437 008b 11       		.uleb128 0x11
 438 008c 01       		.uleb128 0x1
 439 008d 12       		.uleb128 0x12
 440 008e 06       		.uleb128 0x6
 441 008f 40       		.uleb128 0x40
 442 0090 18       		.uleb128 0x18
 443 0091 9642     		.uleb128 0x2116
 444 0093 19       		.uleb128 0x19
 445 0094 00       		.byte	0
 446 0095 00       		.byte	0
 447 0096 0B       		.uleb128 0xb
 448 0097 34       		.uleb128 0x34
 449 0098 00       		.byte	0
 450 0099 03       		.uleb128 0x3
 451 009a 0E       		.uleb128 0xe
 452 009b 3A       		.uleb128 0x3a
 453 009c 0B       		.uleb128 0xb
 454 009d 3B       		.uleb128 0x3b
 455 009e 0B       		.uleb128 0xb
 456 009f 49       		.uleb128 0x49
 457 00a0 13       		.uleb128 0x13
 458 00a1 02       		.uleb128 0x2
 459 00a2 18       		.uleb128 0x18
 460 00a3 00       		.byte	0
 461 00a4 00       		.byte	0
 462 00a5 00       		.byte	0
 463              		.section	.debug_aranges,"",%progbits
 464 0000 34000000 		.4byte	0x34
 465 0004 0200     		.2byte	0x2
 466 0006 00000000 		.4byte	.Ldebug_info0
ARM GAS  C:\Users\barto\AppData\Local\Temp\cchCULLf.s 			page 11


 467 000a 04       		.byte	0x4
 468 000b 00       		.byte	0
 469 000c 0000     		.2byte	0
 470 000e 0000     		.2byte	0
 471 0010 00000000 		.4byte	.LFB0
 472 0014 20000000 		.4byte	.LFE0-.LFB0
 473 0018 00000000 		.4byte	.LFB1
 474 001c 1C000000 		.4byte	.LFE1-.LFB1
 475 0020 00000000 		.4byte	.LFB2
 476 0024 0C000000 		.4byte	.LFE2-.LFB2
 477 0028 00000000 		.4byte	.LFB3
 478 002c 0C000000 		.4byte	.LFE3-.LFB3
 479 0030 00000000 		.4byte	0
 480 0034 00000000 		.4byte	0
 481              		.section	.debug_ranges,"",%progbits
 482              	.Ldebug_ranges0:
 483 0000 00000000 		.4byte	.LFB0
 484 0004 20000000 		.4byte	.LFE0
 485 0008 00000000 		.4byte	.LFB1
 486 000c 1C000000 		.4byte	.LFE1
 487 0010 00000000 		.4byte	.LFB2
 488 0014 0C000000 		.4byte	.LFE2
 489 0018 00000000 		.4byte	.LFB3
 490 001c 0C000000 		.4byte	.LFE3
 491 0020 00000000 		.4byte	0
 492 0024 00000000 		.4byte	0
 493              		.section	.debug_line,"",%progbits
 494              	.Ldebug_line0:
 495 0000 B8000000 		.section	.debug_str,"MS",%progbits,1
 495      02006C00 
 495      00000201 
 495      FB0E0D00 
 495      01010101 
 496              	.LASF19:
 497 0000 474E5520 		.ascii	"GNU C11 5.4.1 20160609 (release) [ARM/embedded-5-br"
 497      43313120 
 497      352E342E 
 497      31203230 
 497      31363036 
 498 0033 616E6368 		.ascii	"anch revision 237715] -mcpu=cortex-m3 -mthumb -g -O"
 498      20726576 
 498      6973696F 
 498      6E203233 
 498      37373135 
 499 0066 30202D66 		.ascii	"0 -ffunction-sections -ffat-lto-objects\000"
 499      66756E63 
 499      74696F6E 
 499      2D736563 
 499      74696F6E 
 500              	.LASF9:
 501 008e 666C6F61 		.ascii	"float\000"
 501      7400
 502              	.LASF23:
 503 0094 436F6E74 		.ascii	"Control_Step_Enable_backup\000"
 503      726F6C5F 
 503      53746570 
 503      5F456E61 
ARM GAS  C:\Users\barto\AppData\Local\Temp\cchCULLf.s 			page 12


 503      626C655F 
 504              	.LASF1:
 505 00af 756E7369 		.ascii	"unsigned char\000"
 505      676E6564 
 505      20636861 
 505      7200
 506              	.LASF13:
 507 00bd 72656738 		.ascii	"reg8\000"
 507      00
 508              	.LASF5:
 509 00c2 6C6F6E67 		.ascii	"long unsigned int\000"
 509      20756E73 
 509      69676E65 
 509      6420696E 
 509      7400
 510              	.LASF3:
 511 00d4 73686F72 		.ascii	"short unsigned int\000"
 511      7420756E 
 511      7369676E 
 511      65642069 
 511      6E7400
 512              	.LASF18:
 513 00e7 436F6E74 		.ascii	"Control_Step_Enable_Wakeup\000"
 513      726F6C5F 
 513      53746570 
 513      5F456E61 
 513      626C655F 
 514              	.LASF22:
 515 0102 636F6E74 		.ascii	"controlState\000"
 515      726F6C53 
 515      74617465 
 515      00
 516              	.LASF10:
 517 010f 646F7562 		.ascii	"double\000"
 517      6C6500
 518              	.LASF8:
 519 0116 756E7369 		.ascii	"unsigned int\000"
 519      676E6564 
 519      20696E74 
 519      00
 520              	.LASF15:
 521 0123 436F6E74 		.ascii	"Control_Step_Enable_SaveConfig\000"
 521      726F6C5F 
 521      53746570 
 521      5F456E61 
 521      626C655F 
 522              	.LASF7:
 523 0142 6C6F6E67 		.ascii	"long long unsigned int\000"
 523      206C6F6E 
 523      6720756E 
 523      7369676E 
 523      65642069 
 524              	.LASF6:
 525 0159 6C6F6E67 		.ascii	"long long int\000"
 525      206C6F6E 
 525      6720696E 
 525      7400
ARM GAS  C:\Users\barto\AppData\Local\Temp\cchCULLf.s 			page 13


 526              	.LASF21:
 527 0167 433A5C55 		.ascii	"C:\\Users\\barto\\Dropbox\\PSoC\\Grbl_USB_Native\\G"
 527      73657273 
 527      5C626172 
 527      746F5C44 
 527      726F7062 
 528 0194 72626C5F 		.ascii	"rbl_USB_Native.cydsn\000"
 528      5553425F 
 528      4E617469 
 528      76652E63 
 528      7964736E 
 529              	.LASF11:
 530 01a9 63686172 		.ascii	"char\000"
 530      00
 531              	.LASF14:
 532 01ae 436F6E74 		.ascii	"Control_Step_Enable_BACKUP_STRUCT\000"
 532      726F6C5F 
 532      53746570 
 532      5F456E61 
 532      626C655F 
 533              	.LASF20:
 534 01d0 47656E65 		.ascii	"Generated_Source\\PSoC5\\Control_Step_Enable_PM.c\000"
 534      72617465 
 534      645F536F 
 534      75726365 
 534      5C50536F 
 535              	.LASF16:
 536 0200 436F6E74 		.ascii	"Control_Step_Enable_RestoreConfig\000"
 536      726F6C5F 
 536      53746570 
 536      5F456E61 
 536      626C655F 
 537              	.LASF2:
 538 0222 73686F72 		.ascii	"short int\000"
 538      7420696E 
 538      7400
 539              	.LASF12:
 540 022c 75696E74 		.ascii	"uint8\000"
 540      3800
 541              	.LASF4:
 542 0232 6C6F6E67 		.ascii	"long int\000"
 542      20696E74 
 542      00
 543              	.LASF0:
 544 023b 7369676E 		.ascii	"signed char\000"
 544      65642063 
 544      68617200 
 545              	.LASF17:
 546 0247 436F6E74 		.ascii	"Control_Step_Enable_Sleep\000"
 546      726F6C5F 
 546      53746570 
 546      5F456E61 
 546      626C655F 
 547              		.ident	"GCC: (GNU Tools for ARM Embedded Processors) 5.4.1 20160609 (release) [ARM/embedded-5-bran
